If holds: (at_ tile_1_2)
Execute: (up tile_1_2 tile_1_3 tile_1_4)

If holds: (at_ tile_1_3)
Execute: (right tile_1_3 tile_2_3 tile_3_3)

If holds: (at_ tile_1_4)
Execute: (left_to_wall tile_1_4 tile_0_4 leftwall_4)

If holds: (at_ tile_0_4)
Execute: (down tile_0_4 tile_0_3 tile_0_2)

If holds: (at_ tile_0_3)
Execute: (right tile_0_3 tile_1_3 tile_2_3)

If holds: (at_ tile_3_3)
Execute: (right tile_3_3 tile_4_3 tile_5_3)

If holds: (at_ tile_4_3)
Execute: (left tile_4_3 tile_3_3 tile_2_3)

If holds: (at_ tile_5_3)
Execute: (left tile_5_3 tile_4_3 tile_3_3)

If holds: (at_ tile_0_2)
Execute: (up tile_0_2 tile_0_3 tile_0_4)

