If holds: (at_ tile_1_5)
Execute: (down tile_1_5 tile_1_4 tile_1_3)

If holds: (at_ tile_1_3)
Execute: (up tile_1_3 tile_1_4 tile_1_5)

If holds: (at_ tile_1_4)
Execute: (down tile_1_4 tile_1_3 tile_1_2)

If holds: (at_ tile_1_2)
Execute: (down tile_1_2 tile_1_1 tile_1_0)

If holds: (at_ tile_1_0)
Execute: (left_to_wall tile_1_0 tile_0_0 leftwall_0)

If holds: (at_ tile_1_1)
Execute: (up tile_1_1 tile_1_2 tile_1_3)

