If holds: (open d3)/(open d2)/(open d4)/(player_at l1)
Execute: (pick_key l1)

If holds: (open d2)/(open d4)/(hold_key)/(player_at l1)/(open d3)
Execute: (move_forward_door_open l1 l2 d2 d3)

If holds: (open d2)/(hold_key)/(open d4)/(closed d3)/(player_at l2)
Execute: (move_forward_door_closed l2 l3 d3 d4)

If holds: (open d2)/(hold_key)/(open d4)/(open d3)/(player_at l2)
Execute: (move_forward_door_open l2 l3 d3 d4)

If holds: (hold_key)/(open d4)/(closed d2)/(open d3)/(player_at l2)
Execute: (move_forward_door_open l2 l3 d3 d4)

If holds: (hold_key)/(open d4)/(closed d2)/(closed d3)/(player_at l2)
Execute: (move_forward_door_closed l2 l3 d3 d4)

If holds: (open d2)/(hold_key)/(open d4)/(closed d3)/(player_at l3)
Execute: (move_forward_last_door_open l3 l4 d4)

If holds: (hold_key)/(closed d4)/(closed d2)/(open d3)/(player_at l3)
Execute: (move_forward_last_door_closed l3 l4 d4)

If holds: (open d4)/(hold_key)/(closed d2)/(closed d3)/(player_at l3)
Execute: (move_forward_last_door_open l3 l4 d4)

If holds: (hold_key)/(closed d4)/(closed d2)/(closed d3)/(player_at l3)
Execute: (move_forward_last_door_closed l3 l4 d4)

If holds: (open d4)/(hold_key)/(closed d2)/(open d3)/(player_at l3)
Execute: (move_forward_last_door_open l3 l4 d4)

If holds: (open d2)/(hold_key)/(open d4)/(open d3)/(player_at l3)
Execute: (move_forward_last_door_open l3 l4 d4)

If holds: (open d2)/(hold_key)/(closed d4)/(closed d3)/(player_at l3)
Execute: (move_forward_last_door_closed l3 l4 d4)

If holds: (open d2)/(hold_key)/(closed d4)/(open d3)/(player_at l3)
Execute: (move_forward_last_door_closed l3 l4 d4)

