If holds: (victim_at v1 l1)/(medical_unit_at m3 l2)/(victim_at v2 l4)/(medical_unit_at m1 l1)/(victim_at v3 l4)/(medical_unit_at m2 l1)/(victim_status v3 hurt)/(victim_status v1 dying)/(victim_status v2 dying)
Execute: (treat_victim_at_hospital v1 l1)

If holds: (victim_at v1 l1)/(victim_status v1 healthy)/(medical_unit_at m3 l2)/(victim_at v2 l4)/(medical_unit_at m1 l1)/(victim_at v3 l4)/(medical_unit_at m2 l1)/(victim_status v3 hurt)/(victim_status v2 dying)
Execute: (treat_victim_at_hospital v3 l4)

If holds: (victim_at v1 l1)/(victim_status v1 healthy)/(victim_status v3 healthy)/(medical_unit_at m3 l2)/(victim_at v2 l4)/(medical_unit_at m1 l1)/(victim_at v3 l4)/(medical_unit_at m2 l1)/(victim_status v2 dying)
Execute: (treat_victim_at_hospital v2 l4)

