If holds: (victim_status v1 dying)/(victim_at v2 l1)/(victim_at v1 l2)/(victim_status v2 hurt)/(medical_unit_at m1 l3)
Execute: (drive_medical_unit m1 l3 l2)

If holds: (medical_unit_at m1 l2)/(victim_at v2 l1)/(victim_status v1 dying)/(victim_at v1 l2)/(victim_status v2 hurt)
Execute: (reanimate m1 l2 v1)

If holds: (medical_unit_at m1 l2)/(victim_status v1 hurt)/(victim_at v2 l1)/(victim_at v1 l2)/(victim_status v2 hurt)
Execute: (treat_victim_on_scene m1 l2 v1)

If holds: (medical_unit_at m1 l2)/(victim_at v2 l1)/(victim_status v1 healthy)/(victim_at v1 l2)/(victim_status v2 hurt)
Execute: (treat_victim_at_hospital v2 l1)

