If holds: (at_ tile_2_4)
Execute: (left tile_2_4 tile_1_4 tile_0_4)

If holds: (at_ tile_0_4)
Execute: (right tile_0_4 tile_1_4 tile_2_4)

