If holds: (at_ tile_4_2)
Execute: (up tile_4_2 tile_4_3 tile_4_4)

If holds: (at_ tile_4_4)
Execute: (down tile_4_4 tile_4_3 tile_4_2)

If holds: (at_ tile_4_3)
Execute: (up tile_4_3 tile_4_4 tile_4_5)

If holds: (at_ tile_4_5)
Execute: (left tile_4_5 tile_3_5 tile_2_5)

If holds: (at_ tile_3_5)
Execute: (left tile_3_5 tile_2_5 tile_1_5)

If holds: (at_ tile_2_5)
Execute: (right tile_2_5 tile_3_5 tile_4_5)

