If holds: (at_ tile_1_0)
Execute: (up tile_1_0 tile_1_1 tile_1_2)

If holds: (at_ tile_1_1)
Execute: (up tile_1_1 tile_1_2 tile_1_3)

If holds: (at_ tile_1_3)
Execute: (down tile_1_3 tile_1_2 tile_1_1)

