If holds: (spare_in n30)/(spare_in n8)/(spare_in n7)/(spare_in n32)/(spare_in n24)/(not_flattire)/(spare_in n9)/(spare_in n1)/(spare_in n16)/(spare_in n29)/(spare_in n28)/(spare_in n12)/(spare_in n5)/(spare_in n22)/(spare_in n27)/(spare_in n17)/(spare_in n15)/(vehicle_at n0)
Execute: (move_car n0 n30)

If holds: (spare_in n8)/(spare_in n7)/(spare_in n9)/(spare_in n22)/(spare_in n28)/(vehicle_at n30)/(spare_in n17)/(spare_in n30)/(spare_in n32)/(spare_in n24)/(spare_in n1)/(spare_in n16)/(spare_in n29)/(spare_in n12)/(spare_in n5)/(spare_in n27)/(spare_in n15)
Execute: (loadtire n30)

If holds: (spare_in n8)/(spare_in n7)/(spare_in n9)/(spare_in n22)/(spare_in n28)/(vehicle_at n30)/(spare_in n17)/(spare_in n32)/(spare_in n24)/(spare_in n1)/(spare_in n16)/(spare_in n29)/(spare_in n12)/(spare_in n5)/(hasspare)/(spare_in n27)/(spare_in n15)
Execute: (changetire)

If holds: (spare_in n8)/(spare_in n7)/(spare_in n9)/(not_flattire)/(spare_in n22)/(spare_in n28)/(vehicle_at n30)/(spare_in n17)/(spare_in n32)/(spare_in n24)/(spare_in n1)/(spare_in n16)/(spare_in n29)/(spare_in n12)/(spare_in n5)/(spare_in n27)/(spare_in n15)
Execute: (move_car n30 n18)

If holds: (spare_in n8)/(spare_in n7)/(not_flattire)/(spare_in n9)/(spare_in n22)/(spare_in n28)/(vehicle_at n30)/(spare_in n17)/(spare_in n30)/(spare_in n32)/(spare_in n24)/(spare_in n1)/(spare_in n16)/(spare_in n29)/(spare_in n12)/(spare_in n5)/(spare_in n27)/(spare_in n15)
Execute: (move_car n30 n18)

