If holds: (victim_status v1 dying)/(medical_unit_at m1 l2)/(victim_at v1 l2)
Execute: (reanimate m1 l2 v1)

If holds: (medical_unit_at m1 l2)/(victim_status v1 hurt)/(victim_at v1 l2)
Execute: (treat_victim_on_scene m1 l2 v1)

