If holds: (at_ tile_1_2)
Execute: (up tile_1_2 tile_1_3 tile_1_4)

If holds: (at_ tile_1_3)
Execute: (right tile_1_3 tile_2_3 tile_3_3)

If holds: (at_ tile_3_3)
Execute: (right tile_3_3 tile_4_3 tile_5_3)

If holds: (at_ tile_5_3)
Execute: (down tile_5_3 tile_5_2 tile_5_1)

If holds: (at_ tile_5_1)
Execute: (left tile_5_1 tile_4_1 tile_3_1)

If holds: (at_ tile_5_2)
Execute: (down tile_5_2 tile_5_1 tile_5_0)

If holds: (at_ tile_5_0)
Execute: (left tile_5_0 tile_4_0 tile_3_0)

If holds: (at_ tile_3_1)
Execute: (up tile_3_1 tile_3_2 tile_3_3)

If holds: (at_ tile_3_2)
Execute: (right tile_3_2 tile_4_2 tile_5_2)

If holds: (at_ tile_4_2)
Execute: (left tile_4_2 tile_3_2 tile_2_2)

If holds: (at_ tile_2_2)
Execute: (left tile_2_2 tile_1_2 tile_0_2)

If holds: (at_ tile_0_2)
Execute: (up tile_0_2 tile_0_3 tile_0_4)

If holds: (at_ tile_0_3)
Execute: (right tile_0_3 tile_1_3 tile_2_3)

If holds: (at_ tile_0_4)
Execute: (up_to_wall tile_0_4 tile_0_5 upperwall_0)

If holds: (at_ tile_4_3)
Execute: (right_to_wall tile_4_3 tile_5_3 rightwall_3)

If holds: (at_ tile_4_0)
Execute: (right_to_wall tile_4_0 tile_5_0 rightwall_0)

If holds: (at_ tile_0_5)
Execute: (down tile_0_5 tile_0_4 tile_0_3)

If holds: (at_ tile_1_4)
Execute: (left_to_wall tile_1_4 tile_0_4 leftwall_4)

If holds: (at_ tile_3_0)
Execute: (up tile_3_0 tile_3_1 tile_3_2)

If holds: (at_ tile_4_1)
Execute: (up tile_4_1 tile_4_2 tile_4_3)

