If holds: (medical_unit_at m2 l3)/(victim_status v1 hurt)/(victim_at v1 l2)/(medical_unit_at m1 l2)/(medical_unit_at m3 l4)
Execute: (treat_victim_on_scene m1 l2 v1)

If holds: (victim_status v1 dying)/(medical_unit_at m2 l3)/(victim_at v1 l2)/(medical_unit_at m3 l4)/(medical_unit_at m1 l2)
Execute: (drive_medical_unit m1 l2 l4)

If holds: (victim_status v1 dying)/(medical_unit_at m1 l4)/(medical_unit_at m2 l3)/(victim_at v1 l2)/(medical_unit_at m3 l4)
Execute: (drive_medical_unit m3 l4 l2)

If holds: (victim_status v1 dying)/(medical_unit_at m1 l4)/(medical_unit_at m2 l3)/(victim_at v1 l2)/(medical_unit_at m3 l2)
Execute: (reanimate m3 l2 v1)

If holds: (medical_unit_at m1 l4)/(medical_unit_at m2 l3)/(victim_status v1 hurt)/(victim_at v1 l2)/(medical_unit_at m3 l2)
Execute: (treat_victim_on_scene m3 l2 v1)

